// Jest Snapshot v1, https://goo.gl/fbAQLP

exports[`bedrock-asset-url positive-match: positive-match 1`] = `
"import assetUrl from '@uber/bedrock/asset-url';

export default () => {
  const a = assetUrl('/static/test.png');
  const b = assetUrl('/stylesheets/main.css');
  const c = assetUrl('/stylesheets/test.css');
  assetUrl.init('test');
  console.log(assetUrl);
};


      ↓ ↓ ↓ ↓ ↓ ↓

import {assetUrl} from 'fusion-core';
export default () => {
  const a = assetUrl('../../client/static/test.png');
  const b = assetUrl('../../../../../dist-client/main.css');
  const c = assetUrl('../../client/stylesheets/test.css');
  console.log(assetUrl);
};
"
`;
