// Jest Snapshot v1, https://goo.gl/fbAQLP

exports[`deep-loose-equal positive-match: positive-match 1`] = `
"t.deepLooseEqual(1, 1, 'c');


      ↓ ↓ ↓ ↓ ↓ ↓

t.deepEqual(1, 1, 'c');
"
`;
