// Jest Snapshot v1, https://goo.gl/fbAQLP

exports[`bedrock-universal-logger positive-match: positive-match 1`] = `
"import Logger from '@uber/bedrock/universal-logger';
function thing() {
  Logger.info('hello world');
}


      ↓ ↓ ↓ ↓ ↓ ↓

import {Logger} from '@uber/fusion-plugin-universal-logger-compat';

function thing() {
  Logger.info('hello world');
}
"
`;

exports[`bedrock-universal-logger renamed: renamed 1`] = `
"import 'test';
import lol from '@uber/bedrock/universal-logger';
function thing() {
  lol.info('hello world');
}


      ↓ ↓ ↓ ↓ ↓ ↓

import 'test';
import {Logger as lol} from '@uber/fusion-plugin-universal-logger-compat';

function thing() {
  lol.info('hello world');
}
"
`;
