// Jest Snapshot v1, https://goo.gl/fbAQLP

exports[`format 1`] = `
"import a from 'b';
import c from 'd';
const thing = {
  a: 'hello',
};
"
`;
