// Jest Snapshot v1, https://goo.gl/fbAQLP

exports[`compat-plugin-render-page-skeleton positive-match: positive-match 1`] = `
"import App from 'fusion-react';
import {createPlugin} from 'fusion-core';
import {SomeToken, SomePlugin} from 'some-plugin';
import {OtherToken, OtherPlugin} from 'other-plugin';

console.log(App);

function thing() {
  const app = new App();
  if (__BROWSER__) {
    app.register(OtherToken, OtherPlugin);
  }
  if (__NODE__) {
    app.register(SomeToken, SomePlugin);
  }
  return app;
}


      ↓ ↓ ↓ ↓ ↓ ↓

import App from 'fusion-react';
import {createPlugin, RenderToken} from 'fusion-core';
import PageSkeletonRenderer, {
  PageSkeletonConfigToken,
} from '@uber/fusion-plugin-page-skeleton-compat';
import {SomeToken, SomePlugin} from 'some-plugin';
import {OtherToken, OtherPlugin} from 'other-plugin';
console.log(App);

function thing() {
  const app = new App();

  if (__BROWSER__) {
    app.register(OtherToken, OtherPlugin);
  }

  if (__NODE__) {
    app.register(SomeToken, SomePlugin);
    app.register(RenderToken, PageSkeletonRenderer);
    app.register(PageSkeletonConfigToken, {
      useMagellan: true,
    });
  }

  return app;
}
"
`;
